Release 14.7 - xst P.20131013 (nt64)
Copyright (c) 1995-2013 Xilinx, Inc.  All rights reserved.
--> Parameter TMPDIR set to xst/projnav.tmp


Total REAL time to Xst completion: 0.00 secs
Total CPU time to Xst completion: 0.21 secs
 
--> Parameter xsthdpdir set to xst


Total REAL time to Xst completion: 0.00 secs
Total CPU time to Xst completion: 0.21 secs
 
--> Reading design: Display_interface.prj

TABLE OF CONTENTS
  1) Synthesis Options Summary
  2) HDL Compilation
  3) Design Hierarchy Analysis
  4) HDL Analysis
  5) HDL Synthesis
     5.1) HDL Synthesis Report
  6) Advanced HDL Synthesis
     6.1) Advanced HDL Synthesis Report
  7) Low Level Synthesis
  8) Partition Report
  9) Final Report
	9.1) Device utilization summary
	9.2) Partition Resource Summary
	9.3) TIMING REPORT


=========================================================================
*                      Synthesis Options Summary                        *
=========================================================================
---- Source Parameters
Input File Name                    : "Display_interface.prj"
Input Format                       : mixed
Ignore Synthesis Constraint File   : NO

---- Target Parameters
Output File Name                   : "Display_interface"
Output Format                      : NGC
Target Device                      : xc3s250e-4-tq144

---- Source Options
Top Module Name                    : Display_interface
Automatic FSM Extraction           : YES
FSM Encoding Algorithm             : Auto
Safe Implementation                : No
FSM Style                          : LUT
RAM Extraction                     : Yes
RAM Style                          : Auto
ROM Extraction                     : Yes
Mux Style                          : Auto
Decoder Extraction                 : YES
Priority Encoder Extraction        : Yes
Shift Register Extraction          : YES
Logical Shifter Extraction         : YES
XOR Collapsing                     : YES
ROM Style                          : Auto
Mux Extraction                     : Yes
Resource Sharing                   : YES
Asynchronous To Synchronous        : NO
Multiplier Style                   : Auto
Automatic Register Balancing       : No

---- Target Options
Add IO Buffers                     : YES
Global Maximum Fanout              : 100000
Add Generic Clock Buffer(BUFG)     : 24
Register Duplication               : YES
Slice Packing                      : YES
Optimize Instantiated Primitives   : NO
Use Clock Enable                   : Yes
Use Synchronous Set                : Yes
Use Synchronous Reset              : Yes
Pack IO Registers into IOBs        : Auto
Equivalent register Removal        : YES

---- General Options
Optimization Goal                  : Speed
Optimization Effort                : 1
Keep Hierarchy                     : No
Netlist Hierarchy                  : As_Optimized
RTL Output                         : Yes
Global Optimization                : AllClockNets
Read Cores                         : YES
Write Timing Constraints           : NO
Cross Clock Analysis               : NO
Hierarchy Separator                : /
Bus Delimiter                      : <>
Case Specifier                     : Maintain
Slice Utilization Ratio            : 100
BRAM Utilization Ratio             : 100
Verilog 2001                       : YES
Auto BRAM Packing                  : NO
Slice Utilization Ratio Delta      : 5

=========================================================================


=========================================================================
*                          HDL Compilation                              *
=========================================================================
Compiling verilog file "DisplayController.v" in library work
Compiling verilog file "BinToBCD.v" in library work
Module <DisplayController> compiled
Compiling verilog file "Display_interface.v" in library work
Module <BinToBCD> compiled
Module <Display_interface> compiled
No errors in compilation
Analysis of file <"Display_interface.prj"> succeeded.
 

=========================================================================
*                     Design Hierarchy Analysis                         *
=========================================================================
Analyzing hierarchy for module <Display_interface> in library <work>.

Analyzing hierarchy for module <BinToBCD> in library <work>.

Analyzing hierarchy for module <DisplayController> in library <work> with parameters.
	N = "00000000000000000000000000010010"


=========================================================================
*                            HDL Analysis                               *
=========================================================================
Analyzing top module <Display_interface>.
Module <Display_interface> is correct for synthesis.
 
Analyzing module <BinToBCD> in library <work>.
Module <BinToBCD> is correct for synthesis.
 
Analyzing module <DisplayController> in library <work>.
	N = 32'sb00000000000000000000000000010010
Module <DisplayController> is correct for synthesis.
 

=========================================================================
*                           HDL Synthesis                               *
=========================================================================

Performing bidirectional port resolution...

Synthesizing Unit <BinToBCD>.
    Related source file is "BinToBCD.v".
    Found 4-bit register for signal <un>.
    Found 4-bit register for signal <milh>.
    Found 4-bit register for signal <cent>.
    Found 4-bit register for signal <dec>.
    Found 4-bit adder for signal <$add0000> created at line 50.
    Found 4-bit adder for signal <$add0001> created at line 50.
    Found 4-bit adder for signal <$add0002> created at line 50.
    Found 4-bit adder for signal <$add0003> created at line 47.
    Found 4-bit adder for signal <$add0004> created at line 50.
    Found 4-bit adder for signal <$add0005> created at line 47.
    Found 4-bit adder for signal <$add0006> created at line 50.
    Found 4-bit adder for signal <$add0007> created at line 47.
    Found 4-bit adder for signal <$add0008> created at line 50.
    Found 4-bit adder for signal <$add0009> created at line 44.
    Found 4-bit adder for signal <$add0010> created at line 47.
    Found 4-bit adder for signal <$add0011> created at line 50.
    Found 4-bit adder for signal <$add0012> created at line 44.
    Found 4-bit adder for signal <$add0013> created at line 47.
    Found 4-bit adder for signal <$add0014> created at line 50.
    Found 4-bit adder for signal <$add0015> created at line 44.
    Found 4-bit adder for signal <$add0016> created at line 47.
    Found 4-bit adder for signal <$add0017> created at line 50.
    Found 4-bit adder for signal <$add0018> created at line 41.
    Found 4-bit adder for signal <$add0019> created at line 44.
    Found 4-bit adder for signal <$add0020> created at line 47.
    Found 4-bit adder for signal <$add0021> created at line 50.
    Found 4-bit adder for signal <$add0022> created at line 41.
    Found 4-bit adder for signal <$add0023> created at line 44.
    Found 4-bit adder for signal <$add0024> created at line 47.
    Found 4-bit adder for signal <$add0025> created at line 50.
    Found 4-bit adder for signal <$add0026> created at line 41.
    Found 4-bit adder for signal <$add0027> created at line 44.
    Found 4-bit adder for signal <$add0028> created at line 47.
    Found 4-bit adder for signal <$add0029> created at line 50.
    Found 4-bit adder for signal <$add0030> created at line 41.
    Found 4-bit adder for signal <$add0031> created at line 44.
    Found 4-bit adder for signal <$add0032> created at line 47.
    Found 4-bit adder for signal <$add0033> created at line 50.
    Found 4-bit comparator greatequal for signal <cent_0$cmp_ge0000> created at line 46.
    Found 4-bit comparator greatequal for signal <cent_0$cmp_ge0001> created at line 46.
    Found 4-bit comparator greatequal for signal <cent_0$cmp_ge0002> created at line 46.
    Found 4-bit comparator greatequal for signal <cent_0$cmp_ge0003> created at line 46.
    Found 4-bit comparator greatequal for signal <cent_0$cmp_ge0004> created at line 46.
    Found 4-bit comparator greatequal for signal <cent_0$cmp_ge0005> created at line 46.
    Found 4-bit comparator greatequal for signal <cent_0$cmp_ge0006> created at line 46.
    Found 4-bit comparator greatequal for signal <cent_0$cmp_ge0007> created at line 46.
    Found 4-bit comparator greatequal for signal <cent_0$cmp_ge0008> created at line 46.
    Found 4-bit comparator greatequal for signal <cent_0$cmp_ge0009> created at line 46.
    Found 4-bit comparator greatequal for signal <dec_0$cmp_ge0000> created at line 49.
    Found 4-bit comparator greatequal for signal <dec_0$cmp_ge0001> created at line 49.
    Found 4-bit comparator greatequal for signal <dec_0$cmp_ge0002> created at line 49.
    Found 4-bit comparator greatequal for signal <dec_0$cmp_ge0003> created at line 49.
    Found 4-bit comparator greatequal for signal <dec_0$cmp_ge0004> created at line 49.
    Found 4-bit comparator greatequal for signal <dec_0$cmp_ge0005> created at line 49.
    Found 4-bit comparator greatequal for signal <dec_0$cmp_ge0006> created at line 49.
    Found 4-bit comparator greatequal for signal <dec_0$cmp_ge0007> created at line 49.
    Found 4-bit comparator greatequal for signal <dec_0$cmp_ge0008> created at line 49.
    Found 4-bit comparator greatequal for signal <dec_0$cmp_ge0009> created at line 49.
    Found 4-bit comparator greatequal for signal <dec_0$cmp_ge0010> created at line 49.
    Found 4-bit comparator greatequal for signal <dec_0$cmp_ge0011> created at line 49.
    Found 4-bit comparator greatequal for signal <dec_0$cmp_ge0012> created at line 49.
    Found 4-bit comparator greatequal for signal <milh$cmp_ge0000> created at line 40.
    Found 4-bit comparator greatequal for signal <milh$cmp_ge0001> created at line 40.
    Found 4-bit comparator greatequal for signal <milh$cmp_ge0002> created at line 40.
    Found 4-bit comparator greatequal for signal <milh$cmp_ge0003> created at line 40.
    Found 4-bit comparator greatequal for signal <milh_0$cmp_ge0000> created at line 43.
    Found 4-bit comparator greatequal for signal <milh_0$cmp_ge0001> created at line 43.
    Found 4-bit comparator greatequal for signal <milh_0$cmp_ge0002> created at line 43.
    Found 4-bit comparator greatequal for signal <milh_0$cmp_ge0003> created at line 43.
    Found 4-bit comparator greatequal for signal <milh_0$cmp_ge0004> created at line 43.
    Found 4-bit comparator greatequal for signal <milh_0$cmp_ge0005> created at line 43.
    Found 4-bit comparator greatequal for signal <milh_0$cmp_ge0006> created at line 43.
    Summary:
	inferred  16 D-type flip-flop(s).
	inferred  34 Adder/Subtractor(s).
	inferred  34 Comparator(s).
Unit <BinToBCD> synthesized.


Synthesizing Unit <DisplayController>.
    Related source file is "DisplayController.v".
    Found 16x7-bit ROM for signal <sseg_temp>.
    Found 1-of-4 decoder for signal <an_temp>.
    Found 18-bit up counter for signal <count>.
    Found 4-bit 4-to-1 multiplexer for signal <sseg>.
    Summary:
	inferred   1 ROM(s).
	inferred   1 Counter(s).
	inferred   4 Multiplexer(s).
	inferred   1 Decoder(s).
Unit <DisplayController> synthesized.


Synthesizing Unit <Display_interface>.
    Related source file is "Display_interface.v".
Unit <Display_interface> synthesized.


=========================================================================
HDL Synthesis Report

Macro Statistics
# ROMs                                                 : 1
 16x7-bit ROM                                          : 1
# Adders/Subtractors                                   : 34
 4-bit adder                                           : 34
# Counters                                             : 1
 18-bit up counter                                     : 1
# Registers                                            : 16
 1-bit register                                        : 16
# Comparators                                          : 34
 4-bit comparator greatequal                           : 34
# Multiplexers                                         : 1
 4-bit 4-to-1 multiplexer                              : 1
# Decoders                                             : 1
 1-of-4 decoder                                        : 1

=========================================================================

=========================================================================
*                       Advanced HDL Synthesis                          *
=========================================================================


=========================================================================
Advanced HDL Synthesis Report

Macro Statistics
# ROMs                                                 : 1
 16x7-bit ROM                                          : 1
# Adders/Subtractors                                   : 34
 3-bit adder                                           : 4
 4-bit adder                                           : 30
# Counters                                             : 1
 18-bit up counter                                     : 1
# Registers                                            : 16
 Flip-Flops                                            : 16
# Comparators                                          : 34
 4-bit comparator greatequal                           : 34
# Multiplexers                                         : 1
 4-bit 4-to-1 multiplexer                              : 1
# Decoders                                             : 1
 1-of-4 decoder                                        : 1

=========================================================================

=========================================================================
*                         Low Level Synthesis                           *
=========================================================================

Optimizing unit <Display_interface> ...

Optimizing unit <BinToBCD> ...
WARNING:Xst:2677 - Node <BinToBCD/milh_1> of sequential type is unconnected in block <Display_interface>.
WARNING:Xst:2677 - Node <BinToBCD/milh_3> of sequential type is unconnected in block <Display_interface>.
WARNING:Xst:2677 - Node <BinToBCD/milh_2> of sequential type is unconnected in block <Display_interface>.
WARNING:Xst:2677 - Node <BinToBCD/un_1> of sequential type is unconnected in block <Display_interface>.
WARNING:Xst:2677 - Node <BinToBCD/un_2> of sequential type is unconnected in block <Display_interface>.
WARNING:Xst:2677 - Node <BinToBCD/dec_1> of sequential type is unconnected in block <Display_interface>.
WARNING:Xst:2677 - Node <BinToBCD/un_3> of sequential type is unconnected in block <Display_interface>.
WARNING:Xst:2677 - Node <BinToBCD/dec_3> of sequential type is unconnected in block <Display_interface>.
WARNING:Xst:2677 - Node <BinToBCD/dec_2> of sequential type is unconnected in block <Display_interface>.
WARNING:Xst:2677 - Node <BinToBCD/cent_2> of sequential type is unconnected in block <Display_interface>.
WARNING:Xst:2677 - Node <BinToBCD/cent_3> of sequential type is unconnected in block <Display_interface>.
WARNING:Xst:2677 - Node <BinToBCD/cent_1> of sequential type is unconnected in block <Display_interface>.

Mapping all equations...
Building and optimizing final netlist ...
Found area constraint ratio of 100 (+ 5) on block Display_interface, actual ratio is 3.

Final Macro Processing ...

=========================================================================
Final Register Report

Macro Statistics
# Registers                                            : 22
 Flip-Flops                                            : 22

=========================================================================

=========================================================================
*                           Partition Report                            *
=========================================================================

Partition Implementation Status
-------------------------------

  No Partitions were found in this design.

-------------------------------

=========================================================================
*                            Final Report                               *
=========================================================================
Final Results
RTL Top Level Output File Name     : Display_interface.ngr
Top Level Output File Name         : Display_interface
Output Format                      : NGC
Optimization Goal                  : Speed
Keep Hierarchy                     : No

Design Statistics
# IOs                              : 30

Cell Usage :
# BELS                             : 188
#      GND                         : 1
#      INV                         : 1
#      LUT1                        : 17
#      LUT2                        : 8
#      LUT3                        : 63
#      LUT4                        : 57
#      MUXCY                       : 17
#      MUXF5                       : 5
#      VCC                         : 1
#      XORCY                       : 18
# FlipFlops/Latches                : 22
#      FD                          : 4
#      FDC                         : 18
# Clock Buffers                    : 1
#      BUFGP                       : 1
# IO Buffers                       : 29
#      IBUF                        : 17
#      OBUF                        : 12
=========================================================================

Device utilization summary:
---------------------------

Selected Device : 3s250etq144-4 

 Number of Slices:                       82  out of   2448     3%  
 Number of Slice Flip Flops:             21  out of   4896     0%  
 Number of 4 input LUTs:                146  out of   4896     2%  
 Number of IOs:                          30
 Number of bonded IOBs:                  30  out of    108    27%  
    IOB Flip Flops:                       1
 Number of GCLKs:                         1  out of     24     4%  

---------------------------
Partition Resource Summary:
---------------------------

  No Partitions were found in this design.

---------------------------


=========================================================================
TIMING REPORT

NOTE: THESE TIMING NUMBERS ARE ONLY A SYNTHESIS ESTIMATE.
      FOR ACCURATE TIMING INFORMATION PLEASE REFER TO THE TRACE REPORT
      GENERATED AFTER PLACE-and-ROUTE.

Clock Information:
------------------
-----------------------------------+------------------------+-------+
Clock Signal                       | Clock buffer(FF name)  | Load  |
-----------------------------------+------------------------+-------+
clk                                | BUFGP                  | 22    |
-----------------------------------+------------------------+-------+

Asynchronous Control Signals Information:
----------------------------------------
-----------------------------------+------------------------+-------+
Control Signal                     | Buffer(FF name)        | Load  |
-----------------------------------+------------------------+-------+
reset                              | IBUF                   | 18    |
-----------------------------------+------------------------+-------+

Timing Summary:
---------------
Speed Grade: -4

   Minimum period: 4.351ns (Maximum Frequency: 229.832MHz)
   Minimum input arrival time before clock: 34.686ns
   Maximum output required time after clock: 6.358ns
   Maximum combinational path delay: No path found

Timing Detail:
--------------
All values displayed in nanoseconds (ns)

=========================================================================
Timing constraint: Default period analysis for Clock 'clk'
  Clock period: 4.351ns (frequency: 229.832MHz)
  Total number of paths / destination ports: 171 / 18
-------------------------------------------------------------------------
Delay:               4.351ns (Levels of Logic = 18)
  Source:            DisplayController/count_1 (FF)
  Destination:       DisplayController/count_17 (FF)
  Source Clock:      clk rising
  Destination Clock: clk rising

  Data Path: DisplayController/count_1 to DisplayController/count_17
                                Gate     Net
    Cell:in->out      fanout   Delay   Delay  Logical Name (Net Name)
    ----------------------------------------  ------------
     FDC:C->Q              1   0.591   0.595  DisplayController/count_1 (DisplayController/count_1)
     LUT1:I0->O            1   0.704   0.000  DisplayController/Mcount_count_cy<1>_rt (DisplayController/Mcount_count_cy<1>_rt)
     MUXCY:S->O            1   0.464   0.000  DisplayController/Mcount_count_cy<1> (DisplayController/Mcount_count_cy<1>)
     MUXCY:CI->O           1   0.059   0.000  DisplayController/Mcount_count_cy<2> (DisplayController/Mcount_count_cy<2>)
     MUXCY:CI->O           1   0.059   0.000  DisplayController/Mcount_count_cy<3> (DisplayController/Mcount_count_cy<3>)
     MUXCY:CI->O           1   0.059   0.000  DisplayController/Mcount_count_cy<4> (DisplayController/Mcount_count_cy<4>)
     MUXCY:CI->O           1   0.059   0.000  DisplayController/Mcount_count_cy<5> (DisplayController/Mcount_count_cy<5>)
     MUXCY:CI->O           1   0.059   0.000  DisplayController/Mcount_count_cy<6> (DisplayController/Mcount_count_cy<6>)
     MUXCY:CI->O           1   0.059   0.000  DisplayController/Mcount_count_cy<7> (DisplayController/Mcount_count_cy<7>)
     MUXCY:CI->O           1   0.059   0.000  DisplayController/Mcount_count_cy<8> (DisplayController/Mcount_count_cy<8>)
     MUXCY:CI->O           1   0.059   0.000  DisplayController/Mcount_count_cy<9> (DisplayController/Mcount_count_cy<9>)
     MUXCY:CI->O           1   0.059   0.000  DisplayController/Mcount_count_cy<10> (DisplayController/Mcount_count_cy<10>)
     MUXCY:CI->O           1   0.059   0.000  DisplayController/Mcount_count_cy<11> (DisplayController/Mcount_count_cy<11>)
     MUXCY:CI->O           1   0.059   0.000  DisplayController/Mcount_count_cy<12> (DisplayController/Mcount_count_cy<12>)
     MUXCY:CI->O           1   0.059   0.000  DisplayController/Mcount_count_cy<13> (DisplayController/Mcount_count_cy<13>)
     MUXCY:CI->O           1   0.059   0.000  DisplayController/Mcount_count_cy<14> (DisplayController/Mcount_count_cy<14>)
     MUXCY:CI->O           1   0.059   0.000  DisplayController/Mcount_count_cy<15> (DisplayController/Mcount_count_cy<15>)
     MUXCY:CI->O           0   0.059   0.000  DisplayController/Mcount_count_cy<16> (DisplayController/Mcount_count_cy<16>)
     XORCY:CI->O           1   0.804   0.000  DisplayController/Mcount_count_xor<17> (Result<17>)
     FDC:D                     0.308          DisplayController/count_17
    ----------------------------------------
    Total                      4.351ns (3.756ns logic, 0.595ns route)
                                       (86.3% logic, 13.7% route)

=========================================================================
Timing constraint: Default OFFSET IN BEFORE for Clock 'clk'
  Total number of paths / destination ports: 18372285 / 4
-------------------------------------------------------------------------
Offset:              34.686ns (Levels of Logic = 26)
  Source:            value<14> (PAD)
  Destination:       BinToBCD/cent_0 (FF)
  Destination Clock: clk rising

  Data Path: value<14> to BinToBCD/cent_0
                                Gate     Net
    Cell:in->out      fanout   Delay   Delay  Logical Name (Net Name)
    ----------------------------------------  ------------
     IBUF:I->O             8   1.218   0.932  value_14_IBUF (value_14_IBUF)
     LUT4:I0->O            8   0.704   0.792  BinToBCD/dec_0_mux00011 (BinToBCD/dec_0_mux0001)
     LUT4:I2->O            8   0.704   0.932  BinToBCD/dec_0_mux000211 (BinToBCD/N35)
     LUT2:I0->O            2   0.704   0.622  BinToBCD/dec_0_cmp_ge00021 (BinToBCD/dec_0_cmp_ge0002)
     LUT4:I0->O            4   0.704   0.622  BinToBCD/un_mux00071 (BinToBCD/Madd__add0004_lut<2>)
     LUT3:I2->O            4   0.704   0.762  BinToBCD/dec_0_mux00031 (BinToBCD/Madd__add0005_cy<0>)
     LUT4:I0->O            2   0.704   0.622  BinToBCD/Madd__add0005_cy<1>11 (BinToBCD/Madd__add0005_cy<1>)
     LUT3:I0->O            1   0.704   0.000  BinToBCD/cent_0_mux000136_G (N42)
     MUXF5:I1->O           8   0.321   0.932  BinToBCD/cent_0_mux000136 (BinToBCD/cent_0_mux0001)
     LUT4:I0->O            2   0.704   0.451  BinToBCD/dec_mux00041 (BinToBCD/Madd__add0007_lut<2>)
     LUT4:I3->O            4   0.704   0.762  BinToBCD/cent_0_mux000211 (BinToBCD/N38)
     LUT2:I0->O            2   0.704   0.622  BinToBCD/cent_0_cmp_ge00021 (BinToBCD/cent_0_cmp_ge0002)
     LUT4:I0->O            4   0.704   0.622  BinToBCD/dec_mux00071 (BinToBCD/Madd__add0010_lut<2>)
     LUT3:I2->O            3   0.704   0.706  BinToBCD/cent_0_cmp_ge00031 (BinToBCD/cent_0_cmp_ge0003)
     LUT4:I0->O            3   0.704   0.566  BinToBCD/dec_mux00101 (BinToBCD/Madd__add0013_lut<2>)
     LUT3:I2->O            3   0.704   0.706  BinToBCD/cent_0_cmp_ge00041 (BinToBCD/cent_0_cmp_ge0004)
     LUT4:I0->O            3   0.704   0.566  BinToBCD/dec_mux00131 (BinToBCD/Madd__add0016_lut<2>)
     LUT3:I2->O            3   0.704   0.706  BinToBCD/cent_0_cmp_ge00051 (BinToBCD/cent_0_cmp_ge0005)
     LUT4:I0->O            3   0.704   0.566  BinToBCD/dec_mux00161 (BinToBCD/Madd__add0020_lut<2>)
     LUT3:I2->O            3   0.704   0.706  BinToBCD/cent_0_cmp_ge00061 (BinToBCD/cent_0_cmp_ge0006)
     LUT4:I0->O            3   0.704   0.566  BinToBCD/dec_mux00191 (BinToBCD/Madd__add0024_lut<2>)
     LUT3:I2->O            3   0.704   0.706  BinToBCD/cent_0_cmp_ge00071 (BinToBCD/cent_0_cmp_ge0007)
     LUT4:I0->O            3   0.704   0.566  BinToBCD/dec_mux00221 (BinToBCD/Madd__add0028_lut<2>)
     LUT3:I2->O            1   0.704   0.455  BinToBCD/cent_0_cmp_ge00081 (BinToBCD/cent_0_cmp_ge0008)
     LUT4:I2->O            1   0.704   0.455  BinToBCD/cent_0_mux00091105 (BinToBCD/N57)
     LUT4:I2->O            1   0.704   0.000  BinToBCD/cent_0_mux00092 (BinToBCD/cent_0_mux0009)
     FD:D                      0.308          BinToBCD/cent_0
    ----------------------------------------
    Total                     34.686ns (18.743ns logic, 15.943ns route)
                                       (54.0% logic, 46.0% route)

=========================================================================
Timing constraint: Default OFFSET OUT AFTER for Clock 'clk'
  Total number of paths / destination ports: 36 / 8
-------------------------------------------------------------------------
Offset:              6.358ns (Levels of Logic = 3)
  Source:            DisplayController/count_16 (FF)
  Destination:       seg0 (PAD)
  Source Clock:      clk rising

  Data Path: DisplayController/count_16 to seg0
                                Gate     Net
    Cell:in->out      fanout   Delay   Delay  Logical Name (Net Name)
    ----------------------------------------  ------------
     FDC:C->Q              7   0.591   0.883  DisplayController/count_16 (DisplayController/count_16)
     LUT3:I0->O            1   0.704   0.000  DisplayController/Mmux_sseg_3 (DisplayController/Mmux_sseg_3)
     MUXF5:I1->O           4   0.321   0.587  DisplayController/Mmux_sseg_2_f5 (seg5_OBUF)
     OBUF:I->O                 3.272          seg0_OBUF (seg0)
    ----------------------------------------
    Total                      6.358ns (4.888ns logic, 1.470ns route)
                                       (76.9% logic, 23.1% route)

=========================================================================


Total REAL time to Xst completion: 11.00 secs
Total CPU time to Xst completion: 10.38 secs
 
--> 

Total memory usage is 266124 kilobytes

Number of errors   :    0 (   0 filtered)
Number of warnings :   20 (   0 filtered)
Number of infos    :    0 (   0 filtered)

