Release 14.7 - xst P.20131013 (nt64)
Copyright (c) 1995-2013 Xilinx, Inc.  All rights reserved.
--> Parameter TMPDIR set to xst/projnav.tmp


Total REAL time to Xst completion: 0.00 secs
Total CPU time to Xst completion: 0.15 secs
 
--> Parameter xsthdpdir set to xst


Total REAL time to Xst completion: 0.00 secs
Total CPU time to Xst completion: 0.15 secs
 
--> Reading design: RingOscillator.prj

TABLE OF CONTENTS
  1) Synthesis Options Summary
  2) HDL Compilation
  3) Design Hierarchy Analysis
  4) HDL Analysis
  5) HDL Synthesis
     5.1) HDL Synthesis Report
  6) Advanced HDL Synthesis
     6.1) Advanced HDL Synthesis Report
  7) Low Level Synthesis
  8) Partition Report
  9) Final Report
	9.1) Device utilization summary
	9.2) Partition Resource Summary
	9.3) TIMING REPORT


=========================================================================
*                      Synthesis Options Summary                        *
=========================================================================
---- Source Parameters
Input File Name                    : "RingOscillator.prj"
Input Format                       : mixed
Ignore Synthesis Constraint File   : NO

---- Target Parameters
Output File Name                   : "RingOscillator"
Output Format                      : NGC
Target Device                      : xc3s250e-4-tq144

---- Source Options
Top Module Name                    : RingOscillator
Automatic FSM Extraction           : YES
FSM Encoding Algorithm             : Auto
Safe Implementation                : No
FSM Style                          : LUT
RAM Extraction                     : Yes
RAM Style                          : Auto
ROM Extraction                     : Yes
Mux Style                          : Auto
Decoder Extraction                 : YES
Priority Encoder Extraction        : Yes
Shift Register Extraction          : YES
Logical Shifter Extraction         : YES
XOR Collapsing                     : YES
ROM Style                          : Auto
Mux Extraction                     : Yes
Resource Sharing                   : YES
Asynchronous To Synchronous        : NO
Multiplier Style                   : Auto
Automatic Register Balancing       : No

---- Target Options
Add IO Buffers                     : YES
Global Maximum Fanout              : 100000
Add Generic Clock Buffer(BUFG)     : 24
Register Duplication               : YES
Slice Packing                      : YES
Optimize Instantiated Primitives   : NO
Use Clock Enable                   : Yes
Use Synchronous Set                : Yes
Use Synchronous Reset              : Yes
Pack IO Registers into IOBs        : Auto
Equivalent register Removal        : YES

---- General Options
Optimization Goal                  : Speed
Optimization Effort                : 1
Keep Hierarchy                     : No
Netlist Hierarchy                  : As_Optimized
RTL Output                         : Yes
Global Optimization                : AllClockNets
Read Cores                         : YES
Write Timing Constraints           : NO
Cross Clock Analysis               : NO
Hierarchy Separator                : /
Bus Delimiter                      : <>
Case Specifier                     : Maintain
Slice Utilization Ratio            : 100
BRAM Utilization Ratio             : 100
Verilog 2001                       : YES
Auto BRAM Packing                  : NO
Slice Utilization Ratio Delta      : 5

=========================================================================


=========================================================================
*                          HDL Compilation                              *
=========================================================================
Compiling verilog file "LUTSel.v" in library work
Compiling verilog file "inverter.v" in library work
Module <LUTSel> compiled
Compiling verilog file "RingOscillator.v" in library work
Module <inverter> compiled
Module <RingOscillator> compiled
No errors in compilation
Analysis of file <"RingOscillator.prj"> succeeded.
 

=========================================================================
*                     Design Hierarchy Analysis                         *
=========================================================================
Analyzing hierarchy for module <RingOscillator> in library <work>.

Analyzing hierarchy for module <LUTSel> in library <work>.

Analyzing hierarchy for module <inverter> in library <work>.


=========================================================================
*                            HDL Analysis                               *
=========================================================================
Analyzing top module <RingOscillator>.
Module <RingOscillator> is correct for synthesis.
 
    Set user-defined property "S =  TRUE" for signal <LUTout>.
    Set user-defined property "S =  TRUE" for signal <a>.
    Set user-defined property "S =  TRUE" for signal <b>.
    Set user-defined property "S =  TRUE" for signal <c>.
    Set user-defined property "S =  TRUE" for signal <d>.
    Set user-defined property "S =  TRUE" for signal <e>.
Analyzing module <LUTSel> in library <work>.
Module <LUTSel> is correct for synthesis.
 
Analyzing module <inverter> in library <work>.
Module <inverter> is correct for synthesis.
 

=========================================================================
*                           HDL Synthesis                               *
=========================================================================

Performing bidirectional port resolution...

Synthesizing Unit <LUTSel>.
    Related source file is "LUTSel.v".
Unit <LUTSel> synthesized.


Synthesizing Unit <inverter>.
    Related source file is "inverter.v".
Unit <inverter> synthesized.


Synthesizing Unit <RingOscillator>.
    Related source file is "RingOscillator.v".
Unit <RingOscillator> synthesized.


=========================================================================
HDL Synthesis Report

Found no macro
=========================================================================

=========================================================================
*                       Advanced HDL Synthesis                          *
=========================================================================


=========================================================================
Advanced HDL Synthesis Report

Found no macro
=========================================================================

=========================================================================
*                         Low Level Synthesis                           *
=========================================================================
WARNING:Xst:2170 - Unit RingOscillator : the following signal(s) form a combinatorial loop: OUT, b, LUTSel1/OUTSel_and0000, a, LUTout, e, d, c.

Optimizing unit <RingOscillator> ...

Mapping all equations...
Building and optimizing final netlist ...
Found area constraint ratio of 100 (+ 5) on block RingOscillator, actual ratio is 0.

Final Macro Processing ...

=========================================================================
Final Register Report

Found no macro
=========================================================================

=========================================================================
*                           Partition Report                            *
=========================================================================

Partition Implementation Status
-------------------------------

  No Partitions were found in this design.

-------------------------------

=========================================================================
*                            Final Report                               *
=========================================================================
Final Results
RTL Top Level Output File Name     : RingOscillator.ngr
Top Level Output File Name         : RingOscillator
Output Format                      : NGC
Optimization Goal                  : Speed
Keep Hierarchy                     : No

Design Statistics
# IOs                              : 3

Cell Usage :
# BELS                             : 7
#      INV                         : 1
#      LUT1                        : 5
#      LUT3                        : 1
# IO Buffers                       : 3
#      IBUF                        : 2
#      OBUF                        : 1
=========================================================================

Device utilization summary:
---------------------------

Selected Device : 3s250etq144-4 

 Number of Slices:                        4  out of   2448     0%  
 Number of 4 input LUTs:                  7  out of   4896     0%  
 Number of IOs:                           3
 Number of bonded IOBs:                   3  out of    108     2%  

---------------------------
Partition Resource Summary:
---------------------------

  No Partitions were found in this design.

---------------------------


=========================================================================
TIMING REPORT

NOTE: THESE TIMING NUMBERS ARE ONLY A SYNTHESIS ESTIMATE.
      FOR ACCURATE TIMING INFORMATION PLEASE REFER TO THE TRACE REPORT
      GENERATED AFTER PLACE-and-ROUTE.

Clock Information:
------------------
No clock signals found in this design

Asynchronous Control Signals Information:
----------------------------------------
No asynchronous control signals found in this design

Timing Summary:
---------------
Speed Grade: -4

   Minimum period: No path found
   Minimum input arrival time before clock: No path found
   Maximum output required time after clock: No path found
   Maximum combinational path delay: 13.855ns

Timing Detail:
--------------
All values displayed in nanoseconds (ns)

=========================================================================
Timing constraint: Default path analysis
  Total number of paths / destination ports: 2 / 1
-------------------------------------------------------------------------
Delay:               13.855ns (Levels of Logic = 9)
  Source:            Mode (PAD)
  Destination:       OUT (PAD)

  Data Path: Mode to OUT
                                Gate     Net
    Cell:in->out      fanout   Delay   Delay  Logical Name (Net Name)
    ----------------------------------------  ------------
     IBUF:I->O             1   1.218   0.595  Mode_IBUF (Mode_IBUF)
     LUT3:I0->O            1   0.704   0.595  LUTSel1/OUTSel1 (LUTout)
     LUT1:I0->O            1   0.704   0.595  Lut1/o1 (a)
     LUT1:I0->O            1   0.704   0.595  Lut2/o1 (b)
     LUT1:I0->O            1   0.704   0.595  Lut3/o1 (c)
     LUT1:I0->O            1   0.704   0.595  Lut4/o1 (d)
     LUT1:I0->O            2   0.704   0.447  Lut5/o1 (e)
     INV:I->O              1   0.704   0.420  Lut7/o1_INV_0 (OUT_OBUF)
     OBUF:I->O                 3.272          OUT_OBUF (OUT)
    ----------------------------------------
    Total                     13.855ns (9.418ns logic, 4.437ns route)
                                       (68.0% logic, 32.0% route)

=========================================================================


Total REAL time to Xst completion: 8.00 secs
Total CPU time to Xst completion: 7.80 secs
 
--> 

Total memory usage is 293804 kilobytes

Number of errors   :    0 (   0 filtered)
Number of warnings :    1 (   0 filtered)
Number of infos    :    0 (   0 filtered)

